// Jest Snapshot v1, https://goo.gl/fbAQLP

exports[`Small renders 1`] = `
.c0 {
  word-wrap: break-word;
  font-size: 0.875rem;
  -webkit-letter-spacing: 0px;
  -moz-letter-spacing: 0px;
  -ms-letter-spacing: 0px;
  letter-spacing: 0px;
  line-height: 1.42857;
  font-weight: 400;
}

.c0 sup {
  top: -0.5em;
  font-size: 0.875rem;
  position: relative;
  vertical-align: baseline;
  padding-left: 0.1em;
}

<small
  class="c0"
>
  Some content
</small>
`;
