// Jest Snapshot v1, https://goo.gl/fbAQLP

exports[`Paragraph renders 1`] = `
.c0 {
  color: #2a2c2e;
  word-wrap: break-word;
  padding: 0;
  margin: 0;
  word-wrap: break-word;
  font-size: 1rem;
  -webkit-letter-spacing: 0px;
  -moz-letter-spacing: 0px;
  -ms-letter-spacing: 0px;
  letter-spacing: 0px;
  line-height: 1.5;
  font-weight: 325;
  text-align: left;
}

.c0 sup {
  top: -0.5em;
  font-size: 0.875rem;
  position: relative;
  vertical-align: baseline;
  padding-left: 0.1em;
}

<p
  class="c0"
>
  Some content
</p>
`;
